[18:42:39] [main/INFO]: Loading Minecraft 1.21.1 with Fabric Loader 0.19.2
[18:42:39] [main/INFO]: Loading 129 mods:
	- aliases 1.0-SNAPSHOT
	- architectury 13.0.8
	- axiom 5.4.2
	   |-- com_moulberry_axiomclientapi 1.0.64
	   |-- com_moulberry_mixinconstraints 1.0.9
	   \-- lattice 1.3.0
	- carpet 1.4.147+v240613
	- champutils 1.0.0
	   |-- org_postgresql_postgresql 42.7.4
	   \-- sgui 1.6.1+1.21.1
	- chunky 1.4.23
	- cobblemon 1.7.3+1.21.1
	- cobblemonextras 1.5.0
	- crossstitch 0.1.6
	- fabric-api 0.116.11+1.21.1
	   |-- fabric-api-base 0.4.42+6573ed8c19
	   |-- fabric-api-lookup-api-v1 1.6.72+7b3d111d19
	   |-- fabric-biome-api-v1 13.0.31+d527f9fd19
	   |-- fabric-block-api-v1 1.1.0+0bc3503219
	   |-- fabric-block-view-api-v2 1.0.11+ebb2264e19
	   |-- fabric-blockrenderlayer-v1 1.1.52+0af3f5a719
	   |-- fabric-client-tags-api-v1 1.1.15+6573ed8c19
	   |-- fabric-command-api-v1 1.2.49+f71b366f19
	   |-- fabric-command-api-v2 2.2.28+6ced4dd919
	   |-- fabric-commands-v0 0.2.66+df3654b319
	   |-- fabric-content-registries-v0 8.0.19+b559734419
	   |-- fabric-convention-tags-v1 2.1.7+7f945d5b19
	   |-- fabric-convention-tags-v2 2.12.0+c3656daa19
	   |-- fabric-crash-report-info-v1 0.2.29+0af3f5a719
	   |-- fabric-data-attachment-api-v1 1.4.6+5b36e0f719
	   |-- fabric-data-generation-api-v1 20.2.37+60a6976219
	   |-- fabric-dimensions-v1 4.0.1+65213ef819
	   |-- fabric-entity-events-v1 1.8.0+2b27e0a419
	   |-- fabric-events-interaction-v0 0.7.13+ba9dae0619
	   |-- fabric-game-rule-api-v1 1.0.53+6ced4dd919
	   |-- fabric-item-api-v1 11.2.0+3b3cb2e819
	   |-- fabric-item-group-api-v1 4.1.7+def88e3a19
	   |-- fabric-key-binding-api-v1 1.0.47+0af3f5a719
	   |-- fabric-keybindings-v0 0.2.45+df3654b319
	   |-- fabric-lifecycle-events-v1 2.6.0+0865547519
	   |-- fabric-loot-api-v2 3.0.15+3f89f5a519
	   |-- fabric-loot-api-v3 1.0.3+3f89f5a519
	   |-- fabric-message-api-v1 6.0.14+8aaf3aca19
	   |-- fabric-model-loading-api-v1 2.1.0+b4d813fc19
	   |-- fabric-networking-api-v1 4.3.0+c7469b2119
	   |-- fabric-object-builder-api-v1 15.2.1+40875a9319
	   |-- fabric-particles-v1 4.0.2+6573ed8c19
	   |-- fabric-recipe-api-v1 5.0.15+2475392c19
	   |-- fabric-registry-sync-v0 5.3.1+e3eddc2119
	   |-- fabric-renderer-api-v1 3.4.1+b4d813fc19
	   |-- fabric-renderer-indigo 1.7.1+c705a49c19
	   |-- fabric-renderer-registries-v1 3.2.69+df3654b319
	   |-- fabric-rendering-data-attachment-v1 0.3.49+73761d2e19
	   |-- fabric-rendering-fluids-v1 3.1.6+1daea21519
	   |-- fabric-rendering-v0 1.1.72+df3654b319
	   |-- fabric-rendering-v1 5.1.0+ab4c25a019
	   |-- fabric-resource-conditions-api-v1 4.3.0+8dc279b119
	   |-- fabric-resource-loader-v0 1.3.1+5b5275af19
	   |-- fabric-screen-api-v1 2.0.25+8b68f1c719
	   |-- fabric-screen-handler-api-v1 1.3.90+b559734419
	   |-- fabric-sound-api-v1 1.0.23+6573ed8c19
	   |-- fabric-transfer-api-v1 5.4.4+7b3d111d19
	   \-- fabric-transitive-access-wideners-v1 6.2.0+45b9699719
	- fabric-language-kotlin 1.13.10+kotlin.2.3.20
	   |-- org_jetbrains_kotlin_kotlin-reflect 2.3.20
	   |-- org_jetbrains_kotlin_kotlin-stdlib 2.3.20
	   |-- org_jetbrains_kotlin_kotlin-stdlib-jdk7 2.3.20
	   |-- org_jetbrains_kotlin_kotlin-stdlib-jdk8 2.3.20
	   |-- org_jetbrains_kotlinx_atomicfu-jvm 0.32.1
	   |-- org_jetbrains_kotlinx_kotlinx-coroutines-core-jvm 1.10.2
	   |-- org_jetbrains_kotlinx_kotlinx-coroutines-jdk8 1.10.2
	   |-- org_jetbrains_kotlinx_kotlinx-datetime-jvm 0.7.1
	   |-- org_jetbrains_kotlinx_kotlinx-io-bytestring-jvm 0.9.0
	   |-- org_jetbrains_kotlinx_kotlinx-io-core-jvm 0.9.0
	   |-- org_jetbrains_kotlinx_kotlinx-serialization-cbor-jvm 1.10.0
	   |-- org_jetbrains_kotlinx_kotlinx-serialization-core-jvm 1.10.0
	   \-- org_jetbrains_kotlinx_kotlinx-serialization-json-jvm 1.10.0
	- fabric-permissions-api-v0 0.3.1
	- fabricloader 0.19.2
	   \-- mixinextras 0.5.4
	- fabricproxy-lite 2.9.0
	   \-- com_moandjiezana_toml_toml4j 0.7.2
	- ferritecore 7.0.3
	- genesisforms 1.2.5-1.7.2
	   |-- adventure-platform-fabric 5.14.1
	   |    |-- net_kyori_adventure-api 4.17.0
	   |    |-- net_kyori_adventure-key 4.17.0
	   |    |-- net_kyori_adventure-platform-api 4.3.3
	   |    |-- net_kyori_adventure-text-logger-slf4j 4.17.0
	   |    |-- net_kyori_adventure-text-minimessage 4.17.0
	   |    |-- net_kyori_adventure-text-serializer-ansi 4.17.0
	   |    |-- net_kyori_adventure-text-serializer-gson 4.17.0
	   |    |-- net_kyori_adventure-text-serializer-json 4.17.0
	   |    |-- net_kyori_adventure-text-serializer-plain 4.17.0
	   |    |-- net_kyori_ansi 1.1.0
	   |    |-- net_kyori_examination-api 1.3.0
	   |    |-- net_kyori_examination-string 1.3.0
	   |    \-- net_kyori_option 1.0.0
	   |-- factorytools 0.3.2+1.21
	   \-- net_kyori_adventure-text-minimessage 4.17.0
	- icommon-bundle 107
	   \-- icommon 107+1.21.1
	        \-- icommon-api-configuration 1.0
	- java 21
	- justenoughcobblemon 1.1.0
	- krypton 0.2.8
	   \-- com_velocitypowered_velocity-native 3.3.0-SNAPSHOT
	- lithium 0.15.4+mc1.21.1
	- luckperms 5.4.140
	- minecraft 1.21.1
	- modernfix 5.25.1+mc1.21.1
	- multiworld-bundle 1.13.1
	   \-- multiworld 1.13.1
	        \-- fantasy 0.6.3+1.21
	- notntgriefing 1.0.1
	- nuvotifier-fabric 1.0.1+1.21.1
	   |-- com_github_nuvotifier_nuvotifier_nuvotifier-api 2.7.2
	   |-- com_github_nuvotifier_nuvotifier_nuvotifier-common 2.7.2
	   \-- org_yaml_snakeyaml 2.0
	- owo 0.12.15.4+1.21
	   |-- blue_endless_jankson 1.2.2
	   |-- io_wispforest_endec 0.1.5.1
	   |-- io_wispforest_endec_gson 0.1.3.1
	   |-- io_wispforest_endec_jankson 0.1.3.1
	   \-- io_wispforest_endec_netty 0.1.2
	- polymer-bundled 0.9.19+1.21.1
	   |-- polymer-autohost 0.9.19+1.21.1
	   |    \-- io_netty_netty-codec-http 4.1.82
	   |-- polymer-blocks 0.9.19+1.21.1
	   |-- polymer-common 0.9.19+1.21.1
	   |    \-- packet_tweaker 0.5.6+1.21
	   |-- polymer-core 0.9.19+1.21.1
	   |    |-- polymer-networking 0.9.19+1.21.1
	   |    |    \-- polymer-common 0.9.19+1.21.1
	   |    |         \-- packet_tweaker 0.5.6+1.21
	   |    \-- polymer-registry-sync-manipulator 0.9.19+1.21.1
	   |-- polymer-resource-pack 0.9.19+1.21.1
	   |    \-- polymer-common 0.9.19+1.21.1
	   |         \-- packet_tweaker 0.5.6+1.21
	   \-- polymer-virtual-entity 0.9.19+1.21.1
	        \-- polymer-common 0.9.19+1.21.1
	             \-- packet_tweaker 0.5.6+1.21
	- spark 1.10.109
	- tebex 2.2.0
	- voicechat 1.21.1-2.6.17
	   |-- fabric-key-binding-api-v1 1.0.47+0af3f5a76a
	   \-- voicechat_api 2.6.13
	- votelistener 1.1.0+1.21
	   \-- placeholder-api 2.4.0-pre.2+1.21
[18:42:39] [main/INFO]: SpongePowered MIXIN Subsystem Version=0.8.7 Source=file:/home/minecraft/servers/mine368453/libraries/net/fabricmc/sponge-mixin/0.17.2+mixin.0.8.7/sponge-mixin-0.17.2+mixin.0.8.7.jar Service=Knot/Fabric Env=SERVER
[18:42:39] [main/INFO]: Compatibility level set to JAVA_17
[18:42:39] [main/INFO]: Compatibility level set to JAVA_21
[18:42:39] [main/INFO]: Loading Mixin Plugin for Axiom/5.4.2
[18:42:40] [main/INFO]: Option 'mixin.entity.collisions.fluid' requires 'mixin.util.block_tracking=true' but found 'false'. Setting 'mixin.entity.collisions.fluid=false'.
[18:42:40] [main/INFO]: Option 'mixin.experimental.entity.block_caching.block_support' requires 'mixin.util.block_tracking=true' but found 'false'. Setting 'mixin.experimental.entity.block_caching.block_support=false'.
[18:42:40] [main/INFO]: Option 'mixin.experimental.entity.block_caching.fluid_pushing' requires 'mixin.util.block_tracking=true' but found 'false'. Setting 'mixin.experimental.entity.block_caching.fluid_pushing=false'.
[18:42:40] [main/INFO]: Option 'mixin.experimental.entity.block_caching.block_touching' requires 'mixin.util.block_tracking=true' but found 'false'. Setting 'mixin.experimental.entity.block_caching.block_touching=false'.
[18:42:40] [main/INFO]: Option 'mixin.experimental.entity.block_caching.suffocation' requires 'mixin.util.block_tracking=true' but found 'false'. Setting 'mixin.experimental.entity.block_caching.suffocation=false'.
[18:42:40] [main/INFO]: Option 'mixin.experimental.entity.block_caching' requires 'mixin.util.block_tracking=true' but found 'false'. Setting 'mixin.experimental.entity.block_caching=false'.
[18:42:40] [main/INFO]: Loaded configuration file for Lithium: 150 options available, 0 override(s) found
[18:42:40] [main/INFO]: Loaded configuration file for ModernFix 5.25.1+mc1.21.1: 65 options available, 0 override(s) found
[18:42:40] [main/INFO]: Applying Nashorn fix
[18:42:40] [main/WARN]: Error loading class: net/minecraft/class_4224 (java.lang.ClassNotFoundException: net/minecraft/class_4224)
[18:42:40] [main/WARN]: @Mixin target net.minecraft.class_4224 was not found mixins.cobblemon-common.json:ChannelMixin from mod cobblemon
[18:42:40] [main/WARN]: Error loading class: juuxel/adorn/block/variant/BlockVariantSets (java.lang.ClassNotFoundException: juuxel/adorn/block/variant/BlockVariantSets)
[18:42:40] [main/WARN]: @Mixin target juuxel.adorn.block.variant.BlockVariantSets was not found mixins.cobblemon-common.json:invoker.AdornRegisterInvoker from mod cobblemon
[18:42:40] [main/WARN]: Error loading class: net/minecraft/class_1140 (java.lang.ClassNotFoundException: net/minecraft/class_1140)
[18:42:40] [main/WARN]: @Mixin target net.minecraft.class_1140 was not found mixins.cobblemon-fabric.json:FabricSoundEngineMixin from mod cobblemon
[18:42:40] [main/INFO]:  iCommonLib (for 1.21.1) - Common Code for mods. Copyright (c) 2018-2026 Isaiah.
[18:42:40] [main/INFO]: Applying mixin: MixinMinecraftServer...
[18:42:40] [main/WARN]: Error loading class: net/minecraft/class_287 (java.lang.ClassNotFoundException: net/minecraft/class_287)
[18:42:40] [main/WARN]: @Mixin target net.minecraft.class_287 was not found owo.mixins.json:BufferBuilderAccessor from mod owo
[18:42:40] [main/WARN]: Error loading class: net/minecraft/class_437 (java.lang.ClassNotFoundException: net/minecraft/class_437)
[18:42:40] [main/WARN]: @Mixin target net.minecraft.class_437 was not found owo.mixins.json:ScreenAccessor from mod owo
[18:42:40] [main/WARN]: Error loading class: xyz/nucleoid/server/translations/impl/language/SystemDelegatedLanguage (java.lang.ClassNotFoundException: xyz/nucleoid/server/translations/impl/language/SystemDelegatedLanguage)
[18:42:40] [main/INFO]: Applying mixin: MixinMinecraftServer...
[18:42:40] [main/INFO]: Applying mixin: MixinBlockState...
[18:42:40] [main/INFO]: Applying mixin: MixinBlockItem...
[18:42:40] [main/INFO]: Applying Mixin: MixinNetherPortalBlock...
[18:42:40] [main/INFO]: Applied 22 mixins.
[18:42:40] [main/INFO]: Initializing MixinExtras via com.llamalad7.mixinextras.service.MixinExtrasServiceImpl(version=0.5.4).
[18:42:41] [main/WARN]: Method overwrite conflict for method_21740 in modernfix-common.mixins.json:perf.remove_biome_temperature_cache.BiomeMixin from mod modernfix, previously written by net.caffeinemc.mods.lithium.mixin.world.temperature_cache.BiomeMixin. Skipping method.
[18:42:41] [main/WARN]: Method overwrite conflict for getClimateSettings in architectury.mixins.json:BiomeAccessor from mod architectury, previously written by carpet.mixins.Biome_scarpetMixin. Skipping method.
[18:42:41] [main/WARN]: Method overwrite conflict for getClimateSettings in mixins.cobblemon-common.json:accessor.BiomeAccessor from mod cobblemon, previously written by carpet.mixins.Biome_scarpetMixin. Skipping method.
[18:42:42] [main/INFO]: Vanilla bootstrap took 1767 milliseconds
[18:42:42] [main/INFO]: Initializing Axiom/5.4.2
[18:42:42] [main/INFO]: [STDOUT]: [ChampUtils][Breeding] Registered Egg assets with Polymer resource pack generation.
[18:42:42] [main/INFO]: [STDOUT]: [ChampUtils] Config loaded successfully.
[18:42:42] [main/INFO]: [STDOUT]: [ChampUtils] Loaded 16 arenas.
[18:42:42] [main/INFO]: [STDOUT]: [ChampUtils] Infinite mounted Pokémon stamina enabled.
[18:42:42] [main/INFO]: [STDOUT]: [ChampUtils] Loaded guild_config.json.
[18:42:42] [main/INFO]: [STDOUT]: [ChampUtils] Loaded music_config.json.
[18:42:42] [main/INFO]: [STDOUT]: [ChampUtils] Loaded guild_buffs.json.
[18:42:42] [main/INFO]: [STDOUT]: [ChampUtils] Database init starting.
[18:42:42] [main/INFO]: [STDOUT]: [ChampUtils] Database config path: /home/minecraft/servers/mine368453/./config/champutils/database.json
[18:42:42] [main/INFO]: [STDOUT]: [ChampUtils] Database config loaded: enabled=true, host=aws-1-us-west-2.pooler.supabase.com, port=5432, database=postgres, username=postgres.rzztdnkggkkpghkstdfr, asyncDatabaseThreads=4, asyncDatabaseQueueLimit=4096, passwordSet=true
[18:42:43] [main/INFO]: [STDOUT]: [ChampUtils] Connected to Supabase/Postgres successfully.
[18:42:44] [main/INFO]: [STDOUT]: [ChampUtils][Breeding] Egg trade/release guards registered.
[18:42:44] [main/INFO]: [STDOUT]: [ChampUtils][Breeding] Pokémon origin-language tracking registered.
[18:42:44] [main/INFO]: [STDOUT]: [ChampUtils] Restricted-profile Cobblemon trade blocker registered.
[18:42:47] [main/INFO]: [STDERR]: [ChampUtils] Failed to load shared global state 'first_join_claims'.
[18:42:47] [main/INFO]: [STDERR]: java.util.concurrent.TimeoutException
[18:42:47] [main/INFO]: [STDERR]: 	at java.base/java.util.concurrent.CompletableFuture.timedGet(Unknown Source)
[18:42:47] [main/INFO]: [STDERR]: 	at java.base/java.util.concurrent.CompletableFuture.get(Unknown Source)
[18:42:47] [main/INFO]: [STDERR]: 	at knot//com.champutils.database.SharedJsonStateRepository.loadGlobal(SharedJsonStateRepository.java:95)
[18:42:47] [main/INFO]: [STDERR]: 	at knot//com.champutils.shop.FirstJoinKitManager.load(FirstJoinKitManager.java:66)
[18:42:47] [main/INFO]: [STDERR]: 	at knot//com.champutils.ChampUtilsMod.onInitialize(ChampUtilsMod.java:270)
[18:42:47] [main/INFO]: [STDERR]: 	at net.fabricmc.loader.impl.FabricLoaderImpl.invokeEntrypoints(FabricLoaderImpl.java:405)
[18:42:47] [main/INFO]: [STDERR]: 	at net.fabricmc.loader.impl.game.minecraft.Hooks.startServer(Hooks.java:63)
[18:42:47] [main/INFO]: [STDERR]: 	at knot//net.minecraft.server.Main.main(Main.java:111)
[18:42:47] [main/INFO]: [STDERR]: 	at net.fabricmc.loader.impl.game.minecraft.MinecraftGameProvider.launch(MinecraftGameProvider.java:514)
[18:42:47] [main/INFO]: [STDERR]: 	at net.fabricmc.loader.impl.launch.knot.Knot.launch(Knot.java:72)
[18:42:47] [main/INFO]: [STDERR]: 	at net.fabricmc.loader.impl.launch.knot.KnotServer.main(KnotServer.java:23)
[18:42:47] [main/INFO]: [STDERR]: 	at net.fabricmc.loader.impl.launch.server.FabricServerLauncher.main(FabricServerLauncher.java:69)
[18:42:47] [main/INFO]: [STDERR]: 	at net.fabricmc.installer.ServerLauncher.main(ServerLauncher.java:69)
[18:42:50] [main/INFO]: [STDERR]: [ChampUtils] Failed to load shared global state 'pokemon_hunts'.
[18:42:50] [main/INFO]: [STDERR]: java.util.concurrent.TimeoutException
[18:42:50] [main/INFO]: [STDERR]: 	at java.base/java.util.concurrent.CompletableFuture.timedGet(Unknown Source)
[18:42:50] [main/INFO]: [STDERR]: 	at java.base/java.util.concurrent.CompletableFuture.get(Unknown Source)
[18:42:50] [main/INFO]: [STDERR]: 	at knot//com.champutils.database.SharedJsonStateRepository.loadGlobal(SharedJsonStateRepository.java:95)
[18:42:50] [main/INFO]: [STDERR]: 	at knot//com.champutils.hunt.PokemonHuntManager.load(PokemonHuntManager.java:66)
[18:42:50] [main/INFO]: [STDERR]: 	at knot//com.champutils.ChampUtilsMod.onInitialize(ChampUtilsMod.java:272)
[18:42:50] [main/INFO]: [STDERR]: 	at net.fabricmc.loader.impl.FabricLoaderImpl.invokeEntrypoints(FabricLoaderImpl.java:405)
[18:42:50] [main/INFO]: [STDERR]: 	at net.fabricmc.loader.impl.game.minecraft.Hooks.startServer(Hooks.java:63)
[18:42:50] [main/INFO]: [STDERR]: 	at knot//net.minecraft.server.Main.main(Main.java:111)
[18:42:50] [main/INFO]: [STDERR]: 	at net.fabricmc.loader.impl.game.minecraft.MinecraftGameProvider.launch(MinecraftGameProvider.java:514)
[18:42:50] [main/INFO]: [STDERR]: 	at net.fabricmc.loader.impl.launch.knot.Knot.launch(Knot.java:72)
[18:42:50] [main/INFO]: [STDERR]: 	at net.fabricmc.loader.impl.launch.knot.KnotServer.main(KnotServer.java:23)
[18:42:50] [main/INFO]: [STDERR]: 	at net.fabricmc.loader.impl.launch.server.FabricServerLauncher.main(FabricServerLauncher.java:69)
[18:42:50] [main/INFO]: [STDERR]: 	at net.fabricmc.installer.ServerLauncher.main(ServerLauncher.java:69)
[18:42:50] [main/INFO]: [STDOUT]: [ChampUtils] Loaded adventurers_guild.json
[18:42:50] [main/INFO]: [STDOUT]: [ChampUtils] Loaded 20 Pokédex reward tiers.
[18:42:52] [main/INFO]: [STDOUT]: [ChampUtils] Loaded roaming_trainers.json
[18:42:52] [main/INFO]: [STDOUT]: [ChampUtils] Loaded 9 crate definitions.
[18:42:55] [main/INFO]: [STDOUT]: [ChampUtils] Loaded profession chunk config.
[18:42:55] [main/INFO]: [STDOUT]: [ChampUtils] Loaded 122 profession tools.
[18:42:55] [main/INFO]: [STDOUT]: [ChampUtils] Loaded 7 profession essences and 7 tool crafting rules.
[18:42:55] [main/INFO]: [STDOUT]: [ChampUtils] Registered 7 profession essence items.
[18:42:55] [main/INFO]: [STDOUT]: [ChampUtils] Registered 4 emblem items.
[18:42:55] [main/INFO]: [STDOUT]: [ChampUtils] Registered 0 official Cobblemon-supported TM shop moves using one Polymer TM item (mod init).
[18:42:55] [main/INFO]: [STDOUT]: [ChampUtils] Registered 122 profession tools.
[18:42:55] [main/INFO]: [STDOUT]: [ChampUtils] Registered 7 running shoes.
[18:42:55] [main/INFO]: [STDOUT]: [ChampUtils] Registered 21 profession armor items.
[18:42:55] [main/INFO]: [STDOUT]: [ChampUtils] Registered 63 profession trinket items.
[18:42:55] [main/INFO]: [STDOUT]: [ChampUtils] Loaded battle profession loot: 393 entries.
[18:42:55] [main/INFO]: [STDOUT]: [ChampUtils] Loaded 13 gym configs.
[18:42:55] [main/INFO]: [STDOUT]: [ChampUtils] Loaded 13 gym configs.
[18:42:56] [ChampUtils-Database-4/INFO]: [STDOUT]: [ChampUtils] Loaded 0 land claims from the database.
[18:42:56] [main/INFO]: [STDOUT]: [ChampUtils] Catch cleanup protection listener registered (4 capture hooks).
[18:42:56] [main/INFO]: [STDOUT]: [ChampUtils] Guaranteed catch-chance title buff registered.
[18:42:56] [main/INFO]: [STDOUT]: [ChampUtils] Mega boss capture blocker registered (4 observable(s)).
[18:42:56] [main/INFO]: [STDOUT]: [ChampUtils] Pokémon hunt capture-only listener registered.
[18:42:56] [main/INFO]: [STDOUT]: [ChampUtils] True caught dex capture-only listener registered.
[18:42:56] [main/INFO]: [STDOUT]: [ChampUtils] Catch streak shiny spawn listener registered (5 observable(s)).
[18:42:56] [main/INFO]: [STDOUT]: [ChampUtils] Forbidden natural Pokemon spawn guard registered (7 observable(s)).
[18:42:56] [main/INFO]: [STDOUT]: [ChampUtils] Wild gym level cap safety manager registered.
[18:42:56] [main/INFO]: [STDOUT]: [ChampUtils] Trade evolution true dex listener registered (5 observable(s)).
[18:42:56] [main/INFO]: [STDOUT]: [ChampUtils] Land claim Pokémon capture rules registered (4 observable(s)).
[18:42:56] [main/INFO]: [STDOUT]: [ChampUtils] Islander Cobblemon spawn override registered.
[18:42:56] [main/INFO]: [STDOUT]: [ChampUtils] Loaded successfully.
[18:42:56] [main/INFO]: Booting LaxPermissionValidator, permissions will be checked using Minecrafts permission level system, see https://minecraft.fandom.com/wiki/Permission_level
[18:42:56] [main/INFO]: Launching Cobblemon 1.7.3 
[18:42:56] [main/INFO]: Booting FabricPermissionValidator, permissions will be checked using fabric-permissions-api, see https://github.com/lucko/fabric-permissions-api
[18:42:57] [main/ERROR]: No data fixer registered for cobblemon:pokemon
[18:42:57] [main/ERROR]: No data fixer registered for cobblemon:empty_pokeball
[18:42:57] [main/ERROR]: No data fixer registered for cobblemon:boat
[18:42:57] [main/ERROR]: No data fixer registered for cobblemon:chest_boat
[18:42:57] [main/ERROR]: No data fixer registered for cobblemon:poke_bobber
[18:42:57] [main/ERROR]: No data fixer registered for cobblemon:generic_bedrock
[18:42:57] [main/ERROR]: No data fixer registered for cobblemon:npc
[18:42:57] [main/INFO]: Starting the Best Spawner...
[18:42:57] [main/INFO]: Loaded 7 spawning condition types.
[18:42:57] [main/INFO]: Loaded 6 spawnable position types.
[18:42:57] [main/INFO]: Loaded 3 spawn detail types.
[18:42:57] [Cobblemon Showdown/INFO]: Starting showdown service...
[18:42:57] [Cobblemon Showdown/INFO]: [Genesis] Resource /showdown_scripts/index.js has already been modified, skipping.
[18:42:57] [Cobblemon Showdown/INFO]: [Genesis] Resource /showdown_scripts/battle-action.js has already been modified, skipping.
[18:42:57] [Cobblemon Showdown/INFO]: [Genesis] Resource /showdown_scripts/conditions.js has already been modified, skipping.
[18:42:57] [Cobblemon Showdown/INFO]: [Genesis] Resource /showdown_scripts/side.js has already been modified, skipping.
[18:42:57] [Cobblemon Showdown/INFO]: [Genesis] Showdown files loaded!
[18:42:58] [Cobblemon Showdown/INFO]: Showdown has been started!
[18:42:58] [main/INFO]: Note: Cobblemon data registries are only loaded once per server instance as Pokémon species are not safe to reload.
[18:42:58] [main/INFO]: Registered the cobblemon:molang registry
[18:42:58] [main/INFO]: Registered the cobblemon:species_features registry
[18:42:58] [main/INFO]: Registered the cobblemon:global_species_features registry
[18:42:58] [main/INFO]: Registered the cobblemon:species_feature_assignments registry
[18:42:58] [main/INFO]: Registered the cobblemon:action_effects registry
[18:42:58] [main/INFO]: Registered the cobblemon:moves registry
[18:42:58] [main/INFO]: Registered the cobblemon:abilities registry
[18:42:58] [main/INFO]: Registered the cobblemon:behaviours registry
[18:42:58] [main/INFO]: Registered the cobblemon:species registry
[18:42:58] [main/INFO]: Registered the cobblemon:species_additions registry
[18:42:58] [main/INFO]: Registered the cobblemon:pokeballs registry
[18:42:58] [main/INFO]: Registered the cobblemon:properties_tab_completion registry
[18:42:58] [main/INFO]: Registered the cobblemon:spawn_detail_presets registry
[18:42:58] [main/INFO]: Registered the cobblemon:spawn_rules registry
[18:42:58] [main/INFO]: Registered the cobblemon:mechanics registry
[18:42:58] [main/INFO]: Registered the cobblemon:bag_items registry
[18:42:58] [main/INFO]: Registered the cobblemon:held_items registry
[18:42:58] [main/INFO]: Registered the cobblemon:dialogues registry
[18:42:58] [main/INFO]: Registered the cobblemon:natural_materials registry
[18:42:58] [main/INFO]: Registered the cobblemon:fossils registry
[18:42:58] [main/INFO]: Registered the cobblemon:npc_preset registry
[18:42:58] [main/INFO]: Registered the cobblemon:npc registry
[18:42:58] [main/INFO]: Registered the cobblemon:dex_entries registry
[18:42:58] [main/INFO]: Registered the cobblemon:dex_entry_additions registry
[18:42:58] [main/INFO]: Registered the cobblemon:dexes registry
[18:42:58] [main/INFO]: Registered the cobblemon:dex_additions registry
[18:42:58] [main/INFO]: Registered the cobblemon:cosmetic_items registry
[18:42:58] [main/INFO]: Registered the cobblemon:callbacks registry
[18:42:58] [main/INFO]: Registered the cobblemon:unlockable_pc_box_wallpapers registry
[18:42:58] [main/INFO]: Registered the cobblemon:marks registry
[18:42:58] [main/INFO]: Registered the cobblemon:starters registry
[18:42:58] [main/INFO]: Registered the cobblemon:spawn_pool_world registry
[18:42:58] [main/INFO]: Registered the cobblemon:pokerods registry
[18:42:58] [main/INFO]: Registered the cobblemon:berries registry
[18:42:58] [main/INFO]: Registered the cobblemon:seasonings registry
[18:42:58] [main/INFO]: Registered the cobblemon:pokemon_interactions registry
[18:42:58] [main/INFO]: Registered the cobblemon:spawn_bait_effects registry
[18:42:58] [main/INFO]: Registered the cobblemon:ride_settings registry
[18:42:58] [main/INFO]: Fabric Mod init
[18:42:58] [main/INFO]: CobblemonExtras - Initialized
[18:42:58] [main/INFO]: [STDOUT]: Loading config file found at: /home/minecraft/servers/mine368453/config/cobblemonextras/config.json
[18:42:58] [main/INFO]: Checking for config merge.
[18:42:58] [main/INFO]: Checking for config merge.
[18:42:58] [main/INFO]: Checking for config merge.
[18:42:58] [main/INFO]: Checking for config merge.
[18:42:58] [main/INFO]: [STDOUT]: Saving config to: /home/minecraft/servers/mine368453/config/cobblemonextras/config.json
[18:42:58] [main/INFO]: CobblemonExtras - Custom Model Data
[18:42:58] [main/INFO]: IV Token: 102
[18:42:58] [main/INFO]: EV Token: 103
[18:42:58] [main/INFO]: Nature Token: 101
[18:42:58] [main/INFO]: Shiny Token: 100
[18:42:58] [main/INFO]: Shiny Ball: 100
[18:42:58] [main/INFO]: ShowcaseService - Initializing...
[18:42:58] [main/ERROR]: Invalid API Secret, please goto https://cobblemonextras.com/showcase to get your API Secret
[18:42:58] [main/INFO]: Failed to enable Showcase
[18:42:58] [main/ERROR]: Invalid API Secret, please goto https://cobblemonextras.com/showcase to get your API Secret
[18:42:58] [main/INFO]: iCommon Mod initialized.
[18:42:58] [main/INFO]: Initializing...
[18:42:58] [main/INFO]: Compression will use libdeflate (Linux x86_64), encryption will use OpenSSL 3.0.x (Linux x86_64)
[18:42:58] [main/INFO]: Multiworld: Registered '1' iCommon events.
[18:42:58] [main/INFO]: Multiworld Mod Init
[18:42:58] [main/INFO]: Hello Fabric world!
[18:42:58] [main/INFO]: :ctft: literally infinite and counting
[18:42:58] [main/INFO]: [voicechat] Compatibility version 20
[18:42:58] [main/INFO]: [voicechat] Loading plugins
[18:42:58] [main/INFO]: [voicechat] Loaded 0 plugin(s)
[18:42:58] [main/INFO]: [voicechat] Initializing plugins
[18:42:58] [main/INFO]: [voicechat] Initialized 0 plugin(s)
[18:42:58] [main/INFO]: Krypton is now accelerating your Minecraft server's networking stack 🚀
[18:42:59] [main/INFO]: Environment: Environment[sessionHost=https://sessionserver.mojang.com, servicesHost=https://api.minecraftservices.com, name=PROD]
[18:42:59] [ChampUtils-Database-1/INFO]: [STDOUT]: [ChampUtils] Network-ready database schemas are ready.
[18:42:59] [Worker-Main-3/INFO]: CobblemonExtras registerCommands
[18:43:00] [main/INFO]: Loaded 2047 recipes
[18:43:00] [main/INFO]: Loaded 2152 advancements
[18:43:00] [main/INFO]: Loaded 11 server scripts and 1 client scripts
[18:43:01] [main/INFO]: Loaded 936 moves
[18:43:01] [main/INFO]: Loaded 314 abilities
[18:43:01] [main/INFO]: Loaded 48 entity behaviours
[18:43:01] [main/INFO]: Finished additions
[18:43:01] [cobblemon Datafixer Bootstrap/INFO]: 4 Datafixer optimizations took 17 milliseconds
[18:43:02] [main/INFO]: Loaded 1026 Pokémon species
[18:43:02] [main/INFO]: Loaded 28 spawn detail presets.
[18:43:02] [main/INFO]: Starting dummy Showdown battle to force it to pre-load data.
[18:43:02] [main/INFO]: Imported 266 held item IDs from showdown
[18:43:02] [main/INFO]: Loaded 18 fossils
[18:43:02] [main/ERROR]: Invalid path in mod resource-pack cobblemon: cobblemon:dex_entry_additions/README.md, ignoring
[18:43:02] [main/ERROR]: Invalid path in mod resource-pack cobblemon: cobblemon:dex_additions/README.md, ignoring
[18:43:02] [main/INFO]: Loaded 6 callbacks and 0 client callbacks
[18:43:02] [main/INFO]: Loaded 168 marks
[18:43:02] [main/ERROR]: Unknown preset name: underwater.
[18:43:02] [main/ERROR]: Unknown preset name: underwater.
[18:43:03] [main/INFO]: Loaded 70 berries
[18:43:03] [main/INFO]: Loaded 137 Pokémon interaction sets
[18:43:03] [main/WARN]: Initial datapack load took 4.010 s
[18:43:03] [main/INFO]: Applied 616 biome modifications to 64 of 64 new biomes in 9.081 ms
[18:43:03] [IO-Worker-1/INFO]: [Polymer] Starting resource pack generation...
[18:43:03] [Server thread/INFO]: Starting background profiler...
[18:43:03] [Server thread/INFO]:         __    
[18:43:03] [Server thread/INFO]:   |    |__)   LuckPerms v5.4.140
[18:43:03] [Server thread/INFO]:   |___ |      Running on Fabric - fabric@0.116.11+1.21.1
[18:43:03] [Server thread/INFO]: 
[18:43:03] [Server thread/INFO]: Loading configuration...
[18:43:03] [Server thread/INFO]: Loading storage provider... [POSTGRESQL]
[18:43:03] [Server thread/INFO]: luckperms-hikari - Starting...
[18:43:03] [Server thread/INFO]: luckperms-hikari - Start completed.
[18:43:04] [Server thread/INFO]: Loading internal permission managers...
[18:43:04] [Server thread/INFO]: Performing initial data load...
[18:43:05] [Server thread/INFO]: Successfully enabled. (took 1704ms)
[18:43:05] [Server thread/INFO]: Loaded token for website: default
[18:43:05] [Server thread/INFO]: Using epoll transport to accept votes.
[18:43:05] [Server thread/INFO]: Method none selected for vote forwarding: Votes will not be received from a forwarder.
[18:43:05] [Server thread/INFO]: Setting IServer instance..
[18:43:05] [Server thread/INFO]: Starting minecraft server version 1.21.1
[18:43:05] [Server thread/INFO]: Loading properties
[18:43:05] [Server thread/INFO]: Default game type: SURVIVAL
[18:43:05] [Server thread/INFO]: Generating keypair
[18:43:05] [Votifier epoll boss/INFO]: Votifier enabled on socket /[0:0:0:0:0:0:0:0%0]:31050.
[18:43:05] [Server thread/INFO]: Starting Minecraft server on 192.3.27.70:27122
[18:43:05] [Server thread/INFO]: Using epoll channel type
[18:43:05] [Server thread/WARN]: **** SERVER IS RUNNING IN OFFLINE/INSECURE MODE!
[18:43:05] [Server thread/WARN]: The server will make no attempt to authenticate usernames. Beware.
[18:43:05] [Server thread/WARN]: While this makes the game possible to play without internet access, it also opens up the ability for hackers to connect with any username they choose.
[18:43:05] [Server thread/WARN]: To change this, set "online-mode" to "true" in the server.properties file.
[18:43:05] [Server thread/INFO]: Preparing level "MainWorld"
[18:43:05] [Server thread/INFO]: Setting IWorld for world "MainWorld"
[18:43:05] [Server thread/INFO]: Setting IWorld for world "MainWorld_nether"
[18:43:05] [Server thread/INFO]: Setting IWorld for world "MainWorld_the_end"
[18:43:05] [Server thread/INFO]: Preparing start region for dimension minecraft:overworld
[18:43:05] [Server thread/WARN]: Method overwrite conflict for removeIf in modernfix-common.mixins.json:bugfix.paper_chunk_patches.SortedArraySetMixin from mod modernfix, previously written by net.caffeinemc.mods.lithium.mixin.collections.chunk_tickets.SortedArraySetMixin. Skipping method.
[18:43:05] [Server thread/INFO]: [Polymer] Resource pack created successfully! You can find it in game folder as polymer/resource_pack.zip
[18:43:05] [Worker-Main-2/INFO]: Preparing spawn area: 0%
[18:43:05] [Server thread/INFO]: Time elapsed: 277 ms
[18:43:05] [Server thread/INFO]: Done (0.469s)! For help, type "help"
[18:43:05] [Server thread/WARN]: Dedicated server took 26.824 seconds to load
[18:43:05] [Server thread/INFO]: [STDOUT]: [ChampUtils] Registered SQL-backed Cobblemon profile storage factory.
[18:43:05] [Server thread/INFO]: [STDOUT]: [ChampUtils] Applied global gamerules to 3 loaded world(s).
[18:43:05] [Server thread/INFO]: [STDOUT]: [ChampUtils] NuVotifier account vote listener registered.
[18:43:13] [Server thread/INFO]: [STDERR]: [ChampUtils] Failed to enumerate network profile data; using local mirrors.
[18:43:13] [Server thread/INFO]: [STDERR]: java.util.concurrent.TimeoutException
[18:43:13] [Server thread/INFO]: [STDERR]: 	at java.base/java.util.concurrent.CompletableFuture.timedGet(Unknown Source)
[18:43:13] [Server thread/INFO]: [STDERR]: 	at java.base/java.util.concurrent.CompletableFuture.get(Unknown Source)
[18:43:13] [Server thread/INFO]: [STDERR]: 	at knot//com.champutils.profile.PlayerDataManager.getAllProfilePlayers(PlayerDataManager.java:485)
[18:43:13] [Server thread/INFO]: [STDERR]: 	at knot//com.champutils.profile.PlayerDataManager.getAllPlayers(PlayerDataManager.java:559)
[18:43:13] [Server thread/INFO]: [STDERR]: 	at knot//com.champutils.database.DatabaseBootstrapSync.syncExistingLocalData(DatabaseBootstrapSync.java:19)
[18:43:13] [Server thread/INFO]: [STDERR]: 	at knot//com.champutils.ChampUtilsMod.lambda$onInitialize$5(ChampUtilsMod.java:447)
[18:43:13] [Server thread/INFO]: [STDERR]: 	at knot//net.fabricmc.fabric.api.event.lifecycle.v1.ServerLifecycleEvents.lambda$static$2(ServerLifecycleEvents.java:49)
[18:43:13] [Server thread/INFO]: [STDERR]: 	at knot//net.minecraft.server.MinecraftServer.handler$bfd000$fabric-lifecycle-events-v1$afterSetupServer(MinecraftServer.java:5143)
[18:43:13] [Server thread/INFO]: [STDERR]: 	at knot//net.minecraft.server.MinecraftServer.method_29741(MinecraftServer.java:668)
[18:43:13] [Server thread/INFO]: [STDERR]: 	at knot//net.minecraft.server.MinecraftServer.method_29739(MinecraftServer.java:281)
[18:43:13] [Server thread/INFO]: [STDERR]: 	at java.base/java.lang.Thread.run(Unknown Source)
[18:43:13] [Server thread/INFO]: [STDOUT]: [ChampUtils] Queued local season/player/profession/adventurer guild data for database sync.
[18:43:13] [Server thread/INFO]: [STDOUT]: [ChampUtils] Leaderboard loaded.
[18:43:13] [Server thread/INFO]: Optimizing spawn pools...
[18:43:14] [Server thread/INFO]: Searching for Worlds in: ./MainWorld/dimensions
[18:43:14] [Server thread/INFO]: Searching for Worlds in: ./MainWorld/dimensions/multiworld
[18:43:14] [Server thread/INFO]: Loading a saved world from: ./MainWorld/dimensions/multiworld/islander_1
[18:43:14] [Server thread/INFO]: Setting IWorld for world "islander_1"
[18:43:14] [Server thread/INFO]: Loading a saved world from: ./MainWorld/dimensions/multiworld/survival_overworld_1
[18:43:14] [Server thread/INFO]: Setting IWorld for world "survival_overworld_1"
[18:43:14] [Server thread/INFO]: Loading a saved world from: ./MainWorld/dimensions/multiworld/spawn1
[18:43:14] [Server thread/INFO]: Setting IWorld for world "spawn1"
[18:43:14] [Server thread/INFO]: Loading a saved world from: ./MainWorld/dimensions/multiworld/newspawn
[18:43:14] [Server thread/INFO]: Setting IWorld for world "newspawn"
[18:43:14] [Server thread/INFO]: Loading a saved world from: ./MainWorld/dimensions/multiworld/survival_end_1
[18:43:14] [Server thread/INFO]: Setting IWorld for world "survival_end_1"
[18:43:14] [Server thread/INFO]: Loading a saved world from: ./MainWorld/dimensions/multiworld/guild_territories_1
[18:43:14] [Server thread/INFO]: Setting IWorld for world "guild_territories_1"
[18:43:14] [Server thread/INFO]: Loading a saved world from: ./MainWorld/dimensions/multiworld/instances
[18:43:14] [Server thread/INFO]: Setting IWorld for world "instances"
[18:43:14] [Server thread/INFO]: Loading a saved world from: ./MainWorld/dimensions/multiworld/territories_1
[18:43:14] [Server thread/INFO]: Setting IWorld for world "territories_1"
[18:43:14] [Server thread/INFO]: Loading a saved world from: ./MainWorld/dimensions/multiworld/survival_nether_1
[18:43:14] [Server thread/INFO]: Setting IWorld for world "survival_nether_1"
[18:43:14] [Server thread/INFO]: Loading a saved world from: ./MainWorld/dimensions/multiworld/profile_lobby
[18:43:14] [Server thread/INFO]: Setting IWorld for world "profile_lobby"
[18:43:14] [Server thread/INFO]: Loading a saved world from: ./MainWorld/dimensions/multiworld/islander_mine_1
[18:43:14] [Server thread/INFO]: Setting IWorld for world "islander_mine_1"
[18:43:14] [Server thread/INFO]: No save portals to load
[18:43:14] [Server thread/WARN]: [voicechat] Running in offline mode - Voice chat encryption is not secure!
[18:43:14] [VoiceChatServerThread/INFO]: [voicechat] Voice host is '192.3.27.70:31124'
[18:43:14] [VoiceChatServerThread/INFO]: [voicechat] Voice chat server started at port 31124
[18:43:14] [Thread 1/INFO]: Loading store information...
[18:43:14] [Server thread/WARN]: Can't keep up! Is the server overloaded? Running 8548ms or 170 ticks behind
[18:43:14] [OkHttp https://plugin.tebex.io/.../INFO]: Connected to Cobble Champs - Minecraft: Java Edition server.
[18:43:14] [ChampUtils-Database-3/INFO]: [STDOUT]: [ChampUtils] Loaded 2 territories from the database.
[18:43:54] [Server thread/INFO]: [STDOUT]: Lithium Cached BlockState Flags are disabled!
[18:43:54] [Server thread/INFO]: elliottrip[/175.36.242.98:50452] logged in with entity id 1 at (-969.4187759086537, 110.29654787361892, 704.8995327079198)
[18:43:54] [Server thread/INFO]: [voicechat] Using Fabric Permissions API
[18:43:54] [Server thread/INFO]: elliottrip joined the game
[18:43:55] [Server thread/INFO]: [voicechat] Received secret request of elliottrip (20)
[18:43:55] [Server thread/INFO]: [voicechat] Sent secret to elliottrip
[18:43:55] [VoiceChatPacketProcessingThread/INFO]: [voicechat] Successfully authenticated player 1db6673c-b4b4-4420-ba05-359d6383198f
[18:43:56] [VoiceChatPacketProcessingThread/INFO]: [voicechat] Successfully validated connection of player 1db6673c-b4b4-4420-ba05-359d6383198f
[18:43:56] [VoiceChatPacketProcessingThread/INFO]: [voicechat] Player elliottrip (1db6673c-b4b4-4420-ba05-359d6383198f) successfully connected to voice chat
[18:43:58] [Server thread/INFO]: [STDOUT]: [PROFILE] Lazy SQL Cobblemon PC load took 1ms for profile=6f0543bc-a44f-4d22-b997-1ee049d57970
[18:44:04] [ForkJoinPool.commonPool-worker-2/ERROR]: Invalid API Secret, please goto https://cobblemonextras.com/showcase to get your API Secret
[18:44:04] [ForkJoinPool.commonPool-worker-2/ERROR]: Invalid API Secret, please goto https://cobblemonextras.com/showcase to get your API Secret
[18:44:04] [ForkJoinPool.commonPool-worker-2/ERROR]: Invalid API Secret, please goto https://cobblemonextras.com/showcase to get your API Secret
[18:44:10] [Server thread/INFO]: [elliottrip: Set own game mode to Creative Mode]
[18:44:14] [OkHttp https://plugin.tebex.io/.../ERROR]: Unexpected status code when sending server events
[18:44:14] [OkHttp https://plugin.tebex.io/.../INFO]: [STDERR]: java.io.IOException: Unexpected status code (400)
[18:44:14] [OkHttp https://plugin.tebex.io/.../INFO]: [STDERR]: 	at knot//io.tebex.sdk.SDK.lambda$_batchServerEvents$17(SDK.java:610)
[18:44:14] [OkHttp https://plugin.tebex.io/.../INFO]: [STDERR]: 	at java.base/java.util.concurrent.CompletableFuture$UniCompose.tryFire(Unknown Source)
[18:44:14] [OkHttp https://plugin.tebex.io/.../INFO]: [STDERR]: 	at java.base/java.util.concurrent.CompletableFuture.postComplete(Unknown Source)
[18:44:14] [OkHttp https://plugin.tebex.io/.../INFO]: [STDERR]: 	at java.base/java.util.concurrent.CompletableFuture.complete(Unknown Source)
[18:44:14] [OkHttp https://plugin.tebex.io/.../INFO]: [STDERR]: 	at knot//io.tebex.sdk.request.TebexRequest$1.onResponse(TebexRequest.java:145)
[18:44:14] [OkHttp https://plugin.tebex.io/.../INFO]: [STDERR]: 	at knot//io.tebex.plugin.libs.okhttp3.internal.connection.RealCall$AsyncCall.run(RealCall.kt:519)
[18:44:14] [OkHttp https://plugin.tebex.io/.../INFO]: [STDERR]: 	at java.base/java.util.concurrent.ThreadPoolExecutor.runWorker(Unknown Source)
[18:44:14] [OkHttp https://plugin.tebex.io/.../INFO]: [STDERR]: 	at java.base/java.util.concurrent.ThreadPoolExecutor$Worker.run(Unknown Source)
[18:44:14] [OkHttp https://plugin.tebex.io/.../INFO]: [STDERR]: 	at java.base/java.lang.Thread.run(Unknown Source)
[18:46:29] [Server thread/INFO]: Pyro_Swarm[/73.146.123.66:51228] logged in with entity id 98 at (-495.1957808981228, 183.8470444504837, -343.16803479065806)
[18:46:29] [Server thread/INFO]: Pyro_Swarm joined the game
[18:46:30] [Server thread/INFO]: [voicechat] Received secret request of Pyro_Swarm (20)
[18:46:30] [Server thread/INFO]: [voicechat] Sent secret to Pyro_Swarm
[18:46:30] [VoiceChatPacketProcessingThread/INFO]: [voicechat] Successfully authenticated player d3012576-dc9f-41f4-baac-e926f3e053c2
[18:46:31] [VoiceChatPacketProcessingThread/INFO]: [voicechat] Successfully validated connection of player d3012576-dc9f-41f4-baac-e926f3e053c2
[18:46:31] [VoiceChatPacketProcessingThread/INFO]: [voicechat] Player Pyro_Swarm (d3012576-dc9f-41f4-baac-e926f3e053c2) successfully connected to voice chat
[18:46:33] [Server thread/INFO]: [STDOUT]: [PROFILE] Lazy SQL Cobblemon PC load took 1ms for profile=ad1bb612-f8a8-4f50-a173-d7edbbf9c0b4
[18:46:39] [Server thread/INFO]: [Pyro_Swarm: Set own game mode to Creative Mode]
[18:46:39] [ForkJoinPool.commonPool-worker-3/ERROR]: Invalid API Secret, please goto https://cobblemonextras.com/showcase to get your API Secret
[18:46:39] [ForkJoinPool.commonPool-worker-3/ERROR]: Invalid API Secret, please goto https://cobblemonextras.com/showcase to get your API Secret
[18:46:39] [ForkJoinPool.commonPool-worker-3/ERROR]: Invalid API Secret, please goto https://cobblemonextras.com/showcase to get your API Secret
[18:46:50] [Server thread/INFO]: [Pyro_Swarm: Teleported Pyro_Swarm to elliottrip]
[18:47:14] [OkHttp https://plugin.tebex.io/.../ERROR]: Unexpected status code when sending server events
[18:47:14] [OkHttp https://plugin.tebex.io/.../INFO]: [STDERR]: java.io.IOException: Unexpected status code (400)
[18:47:14] [OkHttp https://plugin.tebex.io/.../INFO]: [STDERR]: 	at knot//io.tebex.sdk.SDK.lambda$_batchServerEvents$17(SDK.java:610)
[18:47:14] [OkHttp https://plugin.tebex.io/.../INFO]: [STDERR]: 	at java.base/java.util.concurrent.CompletableFuture$UniCompose.tryFire(Unknown Source)
[18:47:14] [OkHttp https://plugin.tebex.io/.../INFO]: [STDERR]: 	at java.base/java.util.concurrent.CompletableFuture.postComplete(Unknown Source)
[18:47:14] [OkHttp https://plugin.tebex.io/.../INFO]: [STDERR]: 	at java.base/java.util.concurrent.CompletableFuture.complete(Unknown Source)
[18:47:14] [OkHttp https://plugin.tebex.io/.../INFO]: [STDERR]: 	at knot//io.tebex.sdk.request.TebexRequest$1.onResponse(TebexRequest.java:145)
[18:47:14] [OkHttp https://plugin.tebex.io/.../INFO]: [STDERR]: 	at knot//io.tebex.plugin.libs.okhttp3.internal.connection.RealCall$AsyncCall.run(RealCall.kt:519)
[18:47:14] [OkHttp https://plugin.tebex.io/.../INFO]: [STDERR]: 	at java.base/java.util.concurrent.ThreadPoolExecutor.runWorker(Unknown Source)
[18:47:14] [OkHttp https://plugin.tebex.io/.../INFO]: [STDERR]: 	at java.base/java.util.concurrent.ThreadPoolExecutor$Worker.run(Unknown Source)
[18:47:14] [OkHttp https://plugin.tebex.io/.../INFO]: [STDERR]: 	at java.base/java.lang.Thread.run(Unknown Source)
[18:48:34] [Server thread/INFO]: [STDOUT]: [ChampUtils] Registered 295 official Cobblemon-supported TM shop moves using one Polymer TM item (lazy load).
[18:53:16] [ChampUtils-Database-1/INFO]: [STDOUT]: [ChampUtils] Loaded 2 territories from the database.
[18:53:16] [ChampUtils-Database-2/INFO]: [STDOUT]: [ChampUtils] Loaded 0 land claims from the database.
[18:54:11] [Server thread/WARN]: Entity PokemonEntity['Greninja'/285, l='ServerLevel[spawn1]', x=-397.50, y=165.00, z=-406.50, removed=DISCARDED] wasn't found in section class_4076{x=-25, y=10, z=-26} (destroying due to DISCARDED)
[18:57:14] [Server thread/INFO]: §6[Cleanup] §eClearing pokemon and items in §c60 seconds
[18:58:11] [Server thread/INFO]: §6[Cleanup] §e3...
[18:58:12] [Server thread/INFO]: §6[Cleanup] §e2...
[18:58:13] [Server thread/INFO]: §6[Cleanup] §e1...
[18:58:14] [Server thread/INFO]: [STDOUT]: [ChampUtils] Cleared 0 wild Pokémon and 0 dropped items across 14 worlds (checkedWild=0, protectedWild=0, reasons=none)
[19:03:16] [ChampUtils-Database-4/INFO]: [STDOUT]: [ChampUtils] Loaded 2 territories from the database.
[19:03:16] [ChampUtils-Database-3/INFO]: [STDOUT]: [ChampUtils] Loaded 0 land claims from the database.
[19:12:14] [Server thread/INFO]: §6[Cleanup] §eClearing pokemon and items in §c60 seconds
[19:13:11] [Server thread/INFO]: §6[Cleanup] §e3...
[19:13:12] [Server thread/INFO]: §6[Cleanup] §e2...
[19:13:13] [Server thread/INFO]: §6[Cleanup] §e1...
[19:13:14] [Server thread/INFO]: [STDOUT]: [ChampUtils] Cleared 0 wild Pokémon and 0 dropped items across 14 worlds (checkedWild=0, protectedWild=0, reasons=none)
[19:13:16] [ChampUtils-Database-4/INFO]: [STDOUT]: [ChampUtils] Loaded 2 territories from the database.
[19:13:16] [ChampUtils-Database-3/INFO]: [STDOUT]: [ChampUtils] Loaded 0 land claims from the database.
[19:18:16] [Server thread/INFO]: Pyro_Swarm lost connection: Kicked for being AFK.
[19:18:16] [Server thread/INFO]: Pyro_Swarm left the game
[19:18:16] [Server thread/INFO]: [voicechat] Disconnecting client Pyro_Swarm
[19:18:16] [Server thread/WARN]: handleDisconnection() called twice
[19:19:36] [Server thread/ERROR]: Failed to handle packet net.minecraft.class_2828$class_2830@5931b273, suppressing error
java.util.ConcurrentModificationException: null
	at java.base/java.util.ArrayDeque.nonNullElementAt(Unknown Source) ~[?:?]
	at java.base/java.util.ArrayDeque$DeqIterator.next(Unknown Source) ~[?:?]
	at knot/com.champutils.afk.AntiAfkManager.isTinyLoop(AntiAfkManager.java:228) ~[simple-commands-1.0.0.jar:?]
	at knot/com.champutils.afk.AntiAfkManager.recordMove(AntiAfkManager.java:133) ~[simple-commands-1.0.0.jar:?]
	at knot/net.minecraft.class_3244.handler$znd000$champutils$antiAfkMove(class_3244.java:7024) ~[server-intermediary.jar:?]
	at knot/net.minecraft.class_3244.method_12063(class_3244.java) ~[server-intermediary.jar:?]
	at knot/net.minecraft.class_2828.method_12272(class_2828.java:142) ~[server-intermediary.jar:?]
	at knot/net.minecraft.class_2828$class_2830.method_11054(class_2828.java:18) ~[server-intermediary.jar:?]
	at knot/net.minecraft.class_2600.method_11072(class_2600.java:27) ~[server-intermediary.jar:?]
	at knot/net.minecraft.class_3738.run(class_3738.java:18) ~[server-intermediary.jar:?]
	at knot/net.minecraft.class_1255.method_18859(class_1255.java:162) ~[server-intermediary.jar:?]
	at knot/net.minecraft.class_4093.method_18859(class_4093.java:23) ~[server-intermediary.jar:?]
	at knot/net.minecraft.server.MinecraftServer.method_24306(MinecraftServer.java:864) ~[server-intermediary.jar:?]
	at knot/net.minecraft.server.MinecraftServer.method_18859(MinecraftServer.java:173) ~[server-intermediary.jar:?]
	at knot/net.minecraft.class_1255.method_16075(class_1255.java:136) ~[server-intermediary.jar:?]
	at knot/net.minecraft.server.MinecraftServer.method_20415(MinecraftServer.java:846) ~[server-intermediary.jar:?]
	at knot/net.minecraft.server.MinecraftServer.method_16075(MinecraftServer.java:840) ~[server-intermediary.jar:?]
	at knot/net.minecraft.class_1255.method_18857(class_1255.java:145) ~[server-intermediary.jar:?]
	at knot/net.minecraft.server.MinecraftServer.method_18857(MinecraftServer.java:810) ~[server-intermediary.jar:?]
	at knot/net.minecraft.server.MinecraftServer.mixinextras$bridge$method_18857$315(MinecraftServer.java) ~[server-intermediary.jar:?]
	at knot/net.minecraft.server.MinecraftServer.wrapOperation$cfk000$modernfix$managedBlock(MinecraftServer.java:2123) ~[server-intermediary.jar:?]
	at knot/net.minecraft.server.MinecraftServer.method_16208(MinecraftServer.java:815) ~[server-intermediary.jar:?]
	at knot/net.minecraft.server.MinecraftServer.method_29741(MinecraftServer.java:702) ~[server-intermediary.jar:?]
	at knot/net.minecraft.server.MinecraftServer.method_29739(MinecraftServer.java:281) ~[server-intermediary.jar:?]
	at java.base/java.lang.Thread.run(Unknown Source) [?:?]
[19:19:36] [Server thread/INFO]: elliottrip lost connection: Internal Exception: java.util.ConcurrentModificationException
[19:19:36] [Server thread/INFO]: elliottrip left the game
[19:19:36] [Server thread/INFO]: [voicechat] Disconnecting client elliottrip
[19:21:19] [Server thread/INFO]: elliottrip[/175.36.242.98:45030] logged in with entity id 555 at (-117.6910790803955, 30.0, 58.52834297722073)
[19:21:19] [Server thread/INFO]: elliottrip joined the game
[19:21:20] [Server thread/INFO]: [voicechat] Received secret request of elliottrip (20)
[19:21:20] [Server thread/INFO]: [voicechat] Sent secret to elliottrip
[19:21:20] [VoiceChatPacketProcessingThread/INFO]: [voicechat] Successfully authenticated player 1db6673c-b4b4-4420-ba05-359d6383198f
[19:21:21] [VoiceChatPacketProcessingThread/INFO]: [voicechat] Successfully validated connection of player 1db6673c-b4b4-4420-ba05-359d6383198f
[19:21:21] [VoiceChatPacketProcessingThread/INFO]: [voicechat] Player elliottrip (1db6673c-b4b4-4420-ba05-359d6383198f) successfully connected to voice chat
[19:21:28] [Server thread/INFO]: [elliottrip: Set own game mode to Creative Mode]
[19:21:29] [ForkJoinPool.commonPool-worker-5/ERROR]: Invalid API Secret, please goto https://cobblemonextras.com/showcase to get your API Secret
[19:21:29] [ForkJoinPool.commonPool-worker-5/ERROR]: Invalid API Secret, please goto https://cobblemonextras.com/showcase to get your API Secret
[19:21:29] [ForkJoinPool.commonPool-worker-5/ERROR]: Invalid API Secret, please goto https://cobblemonextras.com/showcase to get your API Secret
[19:22:14] [OkHttp https://plugin.tebex.io/.../ERROR]: Unexpected status code when sending server events
[19:22:14] [OkHttp https://plugin.tebex.io/.../INFO]: [STDERR]: java.io.IOException: Unexpected status code (400)
[19:22:14] [OkHttp https://plugin.tebex.io/.../INFO]: [STDERR]: 	at knot//io.tebex.sdk.SDK.lambda$_batchServerEvents$17(SDK.java:610)
[19:22:14] [OkHttp https://plugin.tebex.io/.../INFO]: [STDERR]: 	at java.base/java.util.concurrent.CompletableFuture$UniCompose.tryFire(Unknown Source)
[19:22:14] [OkHttp https://plugin.tebex.io/.../INFO]: [STDERR]: 	at java.base/java.util.concurrent.CompletableFuture.postComplete(Unknown Source)
[19:22:14] [OkHttp https://plugin.tebex.io/.../INFO]: [STDERR]: 	at java.base/java.util.concurrent.CompletableFuture.complete(Unknown Source)
[19:22:14] [OkHttp https://plugin.tebex.io/.../INFO]: [STDERR]: 	at knot//io.tebex.sdk.request.TebexRequest$1.onResponse(TebexRequest.java:145)
[19:22:14] [OkHttp https://plugin.tebex.io/.../INFO]: [STDERR]: 	at knot//io.tebex.plugin.libs.okhttp3.internal.connection.RealCall$AsyncCall.run(RealCall.kt:519)
[19:22:14] [OkHttp https://plugin.tebex.io/.../INFO]: [STDERR]: 	at java.base/java.util.concurrent.ThreadPoolExecutor.runWorker(Unknown Source)
[19:22:14] [OkHttp https://plugin.tebex.io/.../INFO]: [STDERR]: 	at java.base/java.util.concurrent.ThreadPoolExecutor$Worker.run(Unknown Source)
[19:22:14] [OkHttp https://plugin.tebex.io/.../INFO]: [STDERR]: 	at java.base/java.lang.Thread.run(Unknown Source)
[19:23:15] [ChampUtils-Database-2/INFO]: [STDOUT]: [ChampUtils] Loaded 2 territories from the database.
[19:23:15] [ChampUtils-Database-2/INFO]: [STDOUT]: [ChampUtils] Loaded 0 land claims from the database.
[19:27:14] [Server thread/INFO]: §6[Cleanup] §eClearing pokemon and items in §c60 seconds
[19:28:11] [Server thread/INFO]: §6[Cleanup] §e3...
[19:28:12] [Server thread/INFO]: §6[Cleanup] §e2...
[19:28:13] [Server thread/INFO]: §6[Cleanup] §e1...
[19:28:14] [Server thread/INFO]: [STDOUT]: [ChampUtils] Cleared 0 wild Pokémon and 0 dropped items across 14 worlds (checkedWild=0, protectedWild=0, reasons=none)
[19:33:15] [ChampUtils-Database-2/INFO]: [STDOUT]: [ChampUtils] Loaded 2 territories from the database.
[19:33:15] [ChampUtils-Database-2/INFO]: [STDOUT]: [ChampUtils] Loaded 0 land claims from the database.
